Madaros v0.80.0 -- the Sounio self-hosted compiler
the bare highland that does not negotiate with ill-formed code -- Sfakia, Crete
Horizon 3: self-hosted primary compiler.

Main file: 60 items
Loaded 1 modules
Resolve skip: single module with no imports
Type checking module 0
Type check complete for module 0
imported_compile: begin
imported_compile: load_begin
imported_compile: load_done
imported_compile: loaded 1 modules
imported_compile: typecheck_begin
imported_compile: typecheck_done
imported_compile: typecheck ok
imported_compile: lower_begin
lower_array: seed_begin
lower_array: seed_done
lower_array: dep_mode into_acc
lower_array: seed_main_idx 59
lower_array: final_fn_count 60
lower_array: arena_reset_totals ok=0 skip=0 sites_reclaimed=0
imported_compile: lower_done
Merged IR: 60 functions
Written to /tmp/ng-v10-b.native
Written to /tmp/ng-v10-b.native
Compilation successful!
   Output: /tmp/ng-v10-b.native
